2026-04-15 21:34:37,560 - main - INFO - Pipeline initialized
2026-04-15 21:34:37,573 - main - INFO - Starting full analysis for category: inflation
2026-04-15 21:34:37,575 - main - INFO - Step 1: Collecting news...
2026-04-15 21:35:41,518 - main - INFO - Pipeline initialized
2026-04-15 21:35:41,522 - main - INFO - Starting full analysis for category: inflation
2026-04-15 21:35:41,523 - main - INFO - Step 1: Collecting news...
2026-04-15 21:35:41,530 - main - INFO - Generated 10 mock news articles
2026-04-15 21:35:41,531 - main - INFO - Step 2: Computing sentiment...
2026-04-15 21:35:41,542 - main - INFO - Computed sentiment for 10 articles
2026-04-15 21:35:41,542 - main - INFO - Step 3: Aggregating sentiment...
2026-04-15 21:35:58,694 - main - INFO - Pipeline initialized
2026-04-15 21:35:58,698 - main - INFO - Starting full analysis for category: inflation
2026-04-15 21:35:58,699 - main - INFO - Step 1: Collecting news...
2026-04-15 21:35:58,701 - main - INFO - Generated 10 mock news articles
2026-04-15 21:35:58,701 - main - INFO - Step 2: Computing sentiment...
2026-04-15 21:35:58,708 - main - INFO - Computed sentiment for 10 articles
2026-04-15 21:35:58,708 - main - INFO - Step 3: Aggregating sentiment...
2026-04-15 21:36:26,184 - main - INFO - Pipeline initialized
2026-04-15 21:36:26,184 - main - INFO - Starting full analysis for category: inflation
2026-04-15 21:36:26,184 - main - INFO - Step 1: Collecting news...
2026-04-15 21:36:26,184 - main - INFO - Generated 10 mock news articles
2026-04-15 21:36:26,184 - main - INFO - Step 2: Computing sentiment...
2026-04-15 21:36:26,192 - main - INFO - Computed sentiment for 10 articles
2026-04-15 21:36:26,192 - main - INFO - Step 3: Aggregating sentiment...
2026-04-15 21:37:36,072 - main - INFO - Pipeline initialized
2026-04-15 21:37:36,072 - main - INFO - Starting full analysis for category: inflation
2026-04-15 21:37:36,072 - main - INFO - Step 1: Collecting news...
2026-04-15 21:37:36,072 - main - INFO - Generated 10 mock news articles
2026-04-15 21:37:36,072 - main - INFO - Step 2: Computing sentiment...
2026-04-15 21:37:36,078 - main - INFO - Computed sentiment for 10 articles
2026-04-15 21:37:36,079 - main - INFO - Step 3: Aggregating sentiment...
2026-04-15 21:37:36,096 - main - INFO - Aggregated into 1 time windows
2026-04-15 21:37:36,096 - main - INFO - Step 4: Collecting market data...
2026-04-15 21:37:56,214 - main - WARNING - No market data collected, using mock data
2026-04-15 21:37:56,242 - main - INFO - Analyzing market: mock-market
2026-04-15 21:39:02,696 - main - INFO - Pipeline initialized
2026-04-15 21:39:02,698 - main - INFO - Starting full analysis for category: inflation
2026-04-15 21:39:02,699 - main - INFO - Step 1: Collecting news...
2026-04-15 21:39:02,701 - main - INFO - Generated 15 mock news articles
2026-04-15 21:39:02,702 - main - INFO - Step 2: Computing sentiment...
2026-04-15 21:39:02,707 - main - INFO - Computed sentiment for 15 articles
2026-04-15 21:39:02,707 - main - INFO - Step 3: Aggregating sentiment...
2026-04-15 21:39:02,725 - main - INFO - Aggregated into 15 time windows
2026-04-15 21:39:02,725 - main - INFO - Step 4: Collecting market data...
2026-04-15 21:39:22,885 - main - WARNING - No market data collected, using mock data
2026-04-15 21:39:22,892 - main - INFO - Analyzing market: mock-market
2026-04-15 21:39:28,815 - main - INFO - Generated visualizations for mock-market
2026-04-15 21:39:28,816 - main - INFO - Analysis complete
2026-04-15 21:40:39,109 - main - INFO - Pipeline initialized
2026-04-15 21:40:39,110 - main - INFO - Starting full analysis for category: inflation
2026-04-15 21:40:39,111 - main - INFO - Step 1: Collecting news...
2026-04-15 21:40:39,112 - main - INFO - Generated 15 mock news articles
2026-04-15 21:40:39,112 - main - INFO - Step 2: Computing sentiment...
2026-04-15 21:40:39,115 - main - INFO - Computed sentiment for 15 articles
2026-04-15 21:40:39,116 - main - INFO - Step 3: Aggregating sentiment...
2026-04-15 21:40:39,129 - main - INFO - Aggregated into 15 time windows
2026-04-15 21:40:39,129 - main - INFO - Step 4: Collecting market data...
2026-04-15 21:40:59,291 - main - WARNING - No market data collected, using mock data
2026-04-15 21:40:59,297 - main - INFO - Analyzing market: mock-market
2026-04-15 21:41:02,924 - main - INFO - Generated visualizations for mock-market
2026-04-15 21:41:02,926 - main - INFO - Analysis complete
2026-04-15 21:44:14,389 - main - INFO - Pipeline initialized
2026-04-15 21:44:14,391 - main - INFO - Starting full analysis for category: inflation
2026-04-15 21:44:14,391 - main - INFO - Step 1: Collecting news...
2026-04-15 21:44:14,393 - main - INFO - Step 2: Computing sentiment...
2026-04-15 21:44:14,404 - main - INFO - Computed sentiment for 90 articles
2026-04-15 21:44:14,404 - main - INFO - Step 3: Aggregating sentiment...
2026-04-15 21:44:14,475 - main - INFO - Aggregated into 60 time windows
2026-04-15 21:44:14,475 - main - INFO - Step 4: Collecting market data...
2026-04-15 21:46:39,296 - main - INFO - Pipeline initialized
2026-04-15 21:46:39,297 - main - INFO - Starting full analysis for category: inflation
2026-04-15 21:46:39,298 - main - INFO - Step 1: Collecting news...
2026-04-15 21:46:39,301 - main - INFO - Step 2: Computing sentiment...
2026-04-15 21:46:39,318 - main - INFO - Computed sentiment for 90 articles
2026-04-15 21:46:39,319 - main - INFO - Step 3: Aggregating sentiment...
2026-04-15 21:46:39,376 - main - INFO - Aggregated into 60 time windows
2026-04-15 21:46:39,378 - main - INFO - Step 4: Collecting market data...
2026-04-15 21:47:07,112 - main - INFO - Pipeline initialized
2026-04-15 21:47:07,114 - main - INFO - Starting full analysis for category: inflation
2026-04-15 21:47:07,114 - main - INFO - Step 1: Collecting news...
2026-04-15 21:47:07,120 - main - INFO - Step 2: Computing sentiment...
2026-04-15 21:47:07,132 - main - INFO - Computed sentiment for 90 articles
2026-04-15 21:47:07,133 - main - INFO - Step 3: Aggregating sentiment...
2026-04-15 21:47:07,175 - main - INFO - Aggregated into 60 time windows
2026-04-15 21:47:07,176 - main - INFO - Step 4: Collecting market data...
2026-04-15 21:47:07,176 - main - WARNING - No market data collected, using mock data
2026-04-15 21:47:48,027 - main - INFO - Pipeline initialized
2026-04-15 21:47:48,030 - main - INFO - Starting full analysis for category: inflation
2026-04-15 21:47:48,030 - main - INFO - Step 1: Collecting news...
2026-04-15 21:47:48,045 - main - INFO - Step 2: Computing sentiment...
2026-04-15 21:47:48,058 - main - INFO - Computed sentiment for 90 articles
2026-04-15 21:47:48,059 - main - INFO - Step 3: Aggregating sentiment...
2026-04-15 21:47:48,102 - main - INFO - Aggregated into 60 time windows
2026-04-15 21:47:48,102 - main - INFO - Step 4: Collecting market data...
2026-04-15 21:47:48,102 - main - WARNING - No market data collected, using mock data
2026-04-15 21:47:48,117 - main - INFO - Analyzing market: mock-market
2026-04-15 21:47:52,006 - main - INFO - Generated visualizations for mock-market
2026-04-15 21:47:52,007 - main - INFO - Analysis complete
