2026-04-15 21:37:36,096 - market_data - INFO - Fetching prices for market: CPI-INFLATION-2024-04
2026-04-15 21:37:36,128 - market_data - WARNING - Request failed (attempt 1/3): HTTPSConnectionPool(host='api.kalshi.com', port=443): Max retries exceeded with url: /trade-api/v2/markets/CPI-INFLATION-2024-04/prices?from=2026-03-16T16%3A07%3A36.096398&limit=1000 (Caused by NameResolutionError("HTTPSConnection(host='api.kalshi.com', port=443): Failed to resolve 'api.kalshi.com' ([Errno 11001] getaddrinfo failed)"))
2026-04-15 21:37:41,131 - market_data - INFO - Fetching prices for market: CPI-INFLATION-2024-04
2026-04-15 21:37:41,141 - market_data - WARNING - Request failed (attempt 2/3): HTTPSConnectionPool(host='api.kalshi.com', port=443): Max retries exceeded with url: /trade-api/v2/markets/CPI-INFLATION-2024-04/prices?from=2026-03-16T16%3A07%3A36.096398&limit=1000 (Caused by NameResolutionError("HTTPSConnection(host='api.kalshi.com', port=443): Failed to resolve 'api.kalshi.com' ([Errno 11001] getaddrinfo failed)"))
2026-04-15 21:37:46,144 - market_data - INFO - Fetching prices for market: CPI-INFLATION-2024-04
2026-04-15 21:37:46,148 - market_data - WARNING - Request failed (attempt 3/3): HTTPSConnectionPool(host='api.kalshi.com', port=443): Max retries exceeded with url: /trade-api/v2/markets/CPI-INFLATION-2024-04/prices?from=2026-03-16T16%3A07%3A36.096398&limit=1000 (Caused by NameResolutionError("HTTPSConnection(host='api.kalshi.com', port=443): Failed to resolve 'api.kalshi.com' ([Errno 11001] getaddrinfo failed)"))
2026-04-15 21:37:46,149 - market_data - ERROR - Max retries exceeded
2026-04-15 21:37:46,150 - market_data - WARNING - No prices retrieved for market: CPI-INFLATION-2024-04
2026-04-15 21:37:46,152 - market_data - INFO - Fetching prices for market: CORE-INFLATION-2024-Q2
2026-04-15 21:37:46,153 - market_data - WARNING - Request failed (attempt 1/3): HTTPSConnectionPool(host='api.kalshi.com', port=443): Max retries exceeded with url: /trade-api/v2/markets/CORE-INFLATION-2024-Q2/prices?from=2026-03-16T16%3A07%3A46.152455&limit=1000 (Caused by NameResolutionError("HTTPSConnection(host='api.kalshi.com', port=443): Failed to resolve 'api.kalshi.com' ([Errno 11001] getaddrinfo failed)"))
2026-04-15 21:37:51,156 - market_data - INFO - Fetching prices for market: CORE-INFLATION-2024-Q2
2026-04-15 21:37:51,197 - market_data - WARNING - Request failed (attempt 2/3): HTTPSConnectionPool(host='api.kalshi.com', port=443): Max retries exceeded with url: /trade-api/v2/markets/CORE-INFLATION-2024-Q2/prices?from=2026-03-16T16%3A07%3A46.152455&limit=1000 (Caused by NameResolutionError("HTTPSConnection(host='api.kalshi.com', port=443): Failed to resolve 'api.kalshi.com' ([Errno 11001] getaddrinfo failed)"))
2026-04-15 21:37:56,199 - market_data - INFO - Fetching prices for market: CORE-INFLATION-2024-Q2
2026-04-15 21:37:56,210 - market_data - WARNING - Request failed (attempt 3/3): HTTPSConnectionPool(host='api.kalshi.com', port=443): Max retries exceeded with url: /trade-api/v2/markets/CORE-INFLATION-2024-Q2/prices?from=2026-03-16T16%3A07%3A46.152455&limit=1000 (Caused by NameResolutionError("HTTPSConnection(host='api.kalshi.com', port=443): Failed to resolve 'api.kalshi.com' ([Errno 11001] getaddrinfo failed)"))
2026-04-15 21:37:56,211 - market_data - ERROR - Max retries exceeded
2026-04-15 21:37:56,212 - market_data - WARNING - No prices retrieved for market: CORE-INFLATION-2024-Q2
2026-04-15 21:39:02,725 - market_data - INFO - Fetching prices for market: CPI-INFLATION-2024-04
2026-04-15 21:39:02,743 - market_data - WARNING - Request failed (attempt 1/3): HTTPSConnectionPool(host='api.kalshi.com', port=443): Max retries exceeded with url: /trade-api/v2/markets/CPI-INFLATION-2024-04/prices?from=2026-03-16T16%3A09%3A02.725711&limit=1000 (Caused by NameResolutionError("HTTPSConnection(host='api.kalshi.com', port=443): Failed to resolve 'api.kalshi.com' ([Errno 11001] getaddrinfo failed)"))
2026-04-15 21:39:07,744 - market_data - INFO - Fetching prices for market: CPI-INFLATION-2024-04
2026-04-15 21:39:07,808 - market_data - WARNING - Request failed (attempt 2/3): HTTPSConnectionPool(host='api.kalshi.com', port=443): Max retries exceeded with url: /trade-api/v2/markets/CPI-INFLATION-2024-04/prices?from=2026-03-16T16%3A09%3A02.725711&limit=1000 (Caused by NameResolutionError("HTTPSConnection(host='api.kalshi.com', port=443): Failed to resolve 'api.kalshi.com' ([Errno 11001] getaddrinfo failed)"))
2026-04-15 21:39:12,810 - market_data - INFO - Fetching prices for market: CPI-INFLATION-2024-04
2026-04-15 21:39:12,812 - market_data - WARNING - Request failed (attempt 3/3): HTTPSConnectionPool(host='api.kalshi.com', port=443): Max retries exceeded with url: /trade-api/v2/markets/CPI-INFLATION-2024-04/prices?from=2026-03-16T16%3A09%3A02.725711&limit=1000 (Caused by NameResolutionError("HTTPSConnection(host='api.kalshi.com', port=443): Failed to resolve 'api.kalshi.com' ([Errno 11001] getaddrinfo failed)"))
2026-04-15 21:39:12,812 - market_data - ERROR - Max retries exceeded
2026-04-15 21:39:12,812 - market_data - WARNING - No prices retrieved for market: CPI-INFLATION-2024-04
2026-04-15 21:39:12,818 - market_data - INFO - Fetching prices for market: CORE-INFLATION-2024-Q2
2026-04-15 21:39:12,821 - market_data - WARNING - Request failed (attempt 1/3): HTTPSConnectionPool(host='api.kalshi.com', port=443): Max retries exceeded with url: /trade-api/v2/markets/CORE-INFLATION-2024-Q2/prices?from=2026-03-16T16%3A09%3A12.818698&limit=1000 (Caused by NameResolutionError("HTTPSConnection(host='api.kalshi.com', port=443): Failed to resolve 'api.kalshi.com' ([Errno 11001] getaddrinfo failed)"))
2026-04-15 21:39:17,822 - market_data - INFO - Fetching prices for market: CORE-INFLATION-2024-Q2
2026-04-15 21:39:17,838 - market_data - WARNING - Request failed (attempt 2/3): HTTPSConnectionPool(host='api.kalshi.com', port=443): Max retries exceeded with url: /trade-api/v2/markets/CORE-INFLATION-2024-Q2/prices?from=2026-03-16T16%3A09%3A12.818698&limit=1000 (Caused by NameResolutionError("HTTPSConnection(host='api.kalshi.com', port=443): Failed to resolve 'api.kalshi.com' ([Errno 11001] getaddrinfo failed)"))
2026-04-15 21:39:22,839 - market_data - INFO - Fetching prices for market: CORE-INFLATION-2024-Q2
2026-04-15 21:39:22,883 - market_data - WARNING - Request failed (attempt 3/3): HTTPSConnectionPool(host='api.kalshi.com', port=443): Max retries exceeded with url: /trade-api/v2/markets/CORE-INFLATION-2024-Q2/prices?from=2026-03-16T16%3A09%3A12.818698&limit=1000 (Caused by NameResolutionError("HTTPSConnection(host='api.kalshi.com', port=443): Failed to resolve 'api.kalshi.com' ([Errno 11001] getaddrinfo failed)"))
2026-04-15 21:39:22,883 - market_data - ERROR - Max retries exceeded
2026-04-15 21:39:22,884 - market_data - WARNING - No prices retrieved for market: CORE-INFLATION-2024-Q2
2026-04-15 21:40:39,130 - market_data - INFO - Fetching prices for market: CPI-INFLATION-2024-04
2026-04-15 21:40:39,188 - market_data - WARNING - Request failed (attempt 1/3): HTTPSConnectionPool(host='api.kalshi.com', port=443): Max retries exceeded with url: /trade-api/v2/markets/CPI-INFLATION-2024-04/prices?from=2026-03-16T16%3A10%3A39.130206&limit=1000 (Caused by NameResolutionError("HTTPSConnection(host='api.kalshi.com', port=443): Failed to resolve 'api.kalshi.com' ([Errno 11001] getaddrinfo failed)"))
2026-04-15 21:40:44,191 - market_data - INFO - Fetching prices for market: CPI-INFLATION-2024-04
2026-04-15 21:40:44,195 - market_data - WARNING - Request failed (attempt 2/3): HTTPSConnectionPool(host='api.kalshi.com', port=443): Max retries exceeded with url: /trade-api/v2/markets/CPI-INFLATION-2024-04/prices?from=2026-03-16T16%3A10%3A39.130206&limit=1000 (Caused by NameResolutionError("HTTPSConnection(host='api.kalshi.com', port=443): Failed to resolve 'api.kalshi.com' ([Errno 11001] getaddrinfo failed)"))
2026-04-15 21:40:49,196 - market_data - INFO - Fetching prices for market: CPI-INFLATION-2024-04
2026-04-15 21:40:49,266 - market_data - WARNING - Request failed (attempt 3/3): HTTPSConnectionPool(host='api.kalshi.com', port=443): Max retries exceeded with url: /trade-api/v2/markets/CPI-INFLATION-2024-04/prices?from=2026-03-16T16%3A10%3A39.130206&limit=1000 (Caused by NameResolutionError("HTTPSConnection(host='api.kalshi.com', port=443): Failed to resolve 'api.kalshi.com' ([Errno 11001] getaddrinfo failed)"))
2026-04-15 21:40:49,268 - market_data - ERROR - Max retries exceeded
2026-04-15 21:40:49,268 - market_data - WARNING - No prices retrieved for market: CPI-INFLATION-2024-04
2026-04-15 21:40:49,269 - market_data - INFO - Fetching prices for market: CORE-INFLATION-2024-Q2
2026-04-15 21:40:49,271 - market_data - WARNING - Request failed (attempt 1/3): HTTPSConnectionPool(host='api.kalshi.com', port=443): Max retries exceeded with url: /trade-api/v2/markets/CORE-INFLATION-2024-Q2/prices?from=2026-03-16T16%3A10%3A49.269580&limit=1000 (Caused by NameResolutionError("HTTPSConnection(host='api.kalshi.com', port=443): Failed to resolve 'api.kalshi.com' ([Errno 11001] getaddrinfo failed)"))
2026-04-15 21:40:54,273 - market_data - INFO - Fetching prices for market: CORE-INFLATION-2024-Q2
2026-04-15 21:40:54,280 - market_data - WARNING - Request failed (attempt 2/3): HTTPSConnectionPool(host='api.kalshi.com', port=443): Max retries exceeded with url: /trade-api/v2/markets/CORE-INFLATION-2024-Q2/prices?from=2026-03-16T16%3A10%3A49.269580&limit=1000 (Caused by NameResolutionError("HTTPSConnection(host='api.kalshi.com', port=443): Failed to resolve 'api.kalshi.com' ([Errno 11001] getaddrinfo failed)"))
2026-04-15 21:40:59,281 - market_data - INFO - Fetching prices for market: CORE-INFLATION-2024-Q2
2026-04-15 21:40:59,289 - market_data - WARNING - Request failed (attempt 3/3): HTTPSConnectionPool(host='api.kalshi.com', port=443): Max retries exceeded with url: /trade-api/v2/markets/CORE-INFLATION-2024-Q2/prices?from=2026-03-16T16%3A10%3A49.269580&limit=1000 (Caused by NameResolutionError("HTTPSConnection(host='api.kalshi.com', port=443): Failed to resolve 'api.kalshi.com' ([Errno 11001] getaddrinfo failed)"))
2026-04-15 21:40:59,289 - market_data - ERROR - Max retries exceeded
2026-04-15 21:40:59,290 - market_data - WARNING - No prices retrieved for market: CORE-INFLATION-2024-Q2
2026-04-15 21:44:14,477 - market_data - INFO - Fetching prices for market: CPI-INFLATION-2024-04
2026-04-15 21:44:56,671 - market_data - WARNING - Request failed (attempt 1/3): HTTPSConnectionPool(host='api.kalshi.com', port=443): Max retries exceeded with url: /trade-api/v2/markets/CPI-INFLATION-2024-04/prices?from=2026-03-16T16%3A14%3A14.477744&limit=1000 (Caused by ConnectTimeoutError(<HTTPSConnection(host='api.kalshi.com', port=443) at 0x15bdbbe2330>, 'Connection to api.kalshi.com timed out. (connect timeout=30)'))
2026-04-15 21:45:01,674 - market_data - INFO - Fetching prices for market: CPI-INFLATION-2024-04
2026-04-15 21:45:43,763 - market_data - WARNING - Request failed (attempt 2/3): HTTPSConnectionPool(host='api.kalshi.com', port=443): Max retries exceeded with url: /trade-api/v2/markets/CPI-INFLATION-2024-04/prices?from=2026-03-16T16%3A14%3A14.477744&limit=1000 (Caused by ConnectTimeoutError(<HTTPSConnection(host='api.kalshi.com', port=443) at 0x15bdbbe1430>, 'Connection to api.kalshi.com timed out. (connect timeout=30)'))
2026-04-15 21:45:48,766 - market_data - INFO - Fetching prices for market: CPI-INFLATION-2024-04
